SKIP Sun Jul 12 16:33:03 UTC 2026 - market closed
RUN Mon Jul 13 15:38:04 UTC 2026 - market open, downloading
RUN Mon Jul 13 17:47:28 UTC 2026 - market open, downloading
RUN Mon Jul 13 19:08:16 UTC 2026 - market open, downloading
SKIP Mon Jul 13 20:37:23 UTC 2026 - market closed
SKIP Mon Jul 13 21:42:08 UTC 2026 - market closed
RUN Tue Jul 14 14:41:50 UTC 2026 - market open, downloading
RUN Tue Jul 14 16:07:22 UTC 2026 - market open, downloading
RUN Tue Jul 14 17:38:35 UTC 2026 - market open, downloading
RUN Tue Jul 14 18:57:31 UTC 2026 - market open, downloading
SKIP Tue Jul 14 20:06:26 UTC 2026 - market closed
SKIP Tue Jul 14 21:28:10 UTC 2026 - market closed
SKIP Tue Jul 14 22:29:21 UTC 2026 - market closed
RUN Wed Jul 15 14:31:19 UTC 2026 - market open, downloading
RUN Wed Jul 15 16:12:03 UTC 2026 - market open, downloading
RUN Wed Jul 15 17:42:54 UTC 2026 - market open, downloading
RUN Wed Jul 15 18:50:45 UTC 2026 - market open, downloading
RUN Wed Jul 15 19:59:45 UTC 2026 - market open, downloading
SKIP Wed Jul 15 20:59:08 UTC 2026 - market closed
SKIP Wed Jul 15 21:57:00 UTC 2026 - market closed
SKIP Thu Jul 16 05:58:25 UTC 2026 - market closed
RUN Thu Jul 16 14:51:36 UTC 2026 - market open, downloading
RUN Thu Jul 16 15:02:26 UTC 2026 - download complete
RUN Thu Jul 16 15:20:49 UTC 2026 - market open, downloading
RUN Thu Jul 16 15:31:41 UTC 2026 - download complete
RUN Thu Jul 16 16:08:33 UTC 2026 - market open, downloading
RUN Thu Jul 16 16:19:24 UTC 2026 - download complete
RUN Thu Jul 16 17:44:38 UTC 2026 - market open, downloading
RUN Thu Jul 16 17:55:26 UTC 2026 - download complete
RUN Thu Jul 16 18:52:23 UTC 2026 - market open, downloading
RUN Thu Jul 16 19:03:14 UTC 2026 - download complete
RUN Thu Jul 16 19:54:10 UTC 2026 - market open, downloading
RUN Thu Jul 16 20:05:01 UTC 2026 - download complete
SKIP Thu Jul 16 20:42:04 UTC 2026 - market closed
SKIP Thu Jul 16 21:53:06 UTC 2026 - market closed
RUN Fri Jul 17 14:23:30 UTC 2026 - market open, downloading
RUN Fri Jul 17 14:34:21 UTC 2026 - download complete
RUN Fri Jul 17 15:51:43 UTC 2026 - market open, downloading
RUN Fri Jul 17 16:02:33 UTC 2026 - download complete
RUN Fri Jul 17 16:56:37 UTC 2026 - market open, downloading
RUN Fri Jul 17 17:07:28 UTC 2026 - download complete
RUN Fri Jul 17 17:57:24 UTC 2026 - market open, downloading
RUN Fri Jul 17 18:08:15 UTC 2026 - download complete
RUN Fri Jul 17 18:56:08 UTC 2026 - market open, downloading
RUN Fri Jul 17 19:06:59 UTC 2026 - download complete
RUN Fri Jul 17 19:23:25 UTC 2026 - market open, downloading
RUN Fri Jul 17 19:34:15 UTC 2026 - download complete
RUN Fri Jul 17 19:57:37 UTC 2026 - market open, downloading
RUN Fri Jul 17 20:08:27 UTC 2026 - download complete
SKIP Fri Jul 17 20:25:47 UTC 2026 - market closed
SKIP Fri Jul 17 20:35:08 UTC 2026 - market closed
SKIP Fri Jul 17 20:44:54 UTC 2026 - market closed
SKIP Fri Jul 17 21:15:34 UTC 2026 - market closed
SKIP Fri Jul 17 21:38:44 UTC 2026 - market closed
SKIP Fri Jul 17 21:39:32 UTC 2026 - market closed
RUN Mon Jul 20 15:02:05 UTC 2026 - market open, downloading
RUN Mon Jul 20 15:03:17 UTC 2026 - download complete
RUN Mon Jul 20 16:26:03 UTC 2026 - market open, downloading
RUN Mon Jul 20 16:27:38 UTC 2026 - download complete
RUN Mon Jul 20 18:27:46 UTC 2026 - market open, downloading
RUN Mon Jul 20 18:28:57 UTC 2026 - download complete
SKIP Wed Jul 22 05:55:58 UTC 2026 - market closed
SKIP Wed Jul 22 13:00:47 UTC 2026 - market closed
RUN Wed Jul 22 13:32:13 UTC 2026 - market open, downloading
RUN Wed Jul 22 13:33:47 UTC 2026 - download complete
RUN Wed Jul 22 14:02:10 UTC 2026 - market open, downloading
RUN Wed Jul 22 14:03:33 UTC 2026 - download complete
RUN Wed Jul 22 14:32:22 UTC 2026 - market open, downloading
RUN Wed Jul 22 14:34:01 UTC 2026 - download complete
RUN Wed Jul 22 15:02:16 UTC 2026 - market open, downloading
RUN Wed Jul 22 15:03:39 UTC 2026 - download complete
RUN Wed Jul 22 15:32:15 UTC 2026 - market open, downloading
RUN Wed Jul 22 15:33:40 UTC 2026 - download complete
RUN Wed Jul 22 16:02:00 UTC 2026 - market open, downloading
RUN Wed Jul 22 16:03:39 UTC 2026 - download complete
RUN Wed Jul 22 16:32:16 UTC 2026 - market open, downloading
RUN Wed Jul 22 16:33:56 UTC 2026 - download complete
RUN Wed Jul 22 17:02:17 UTC 2026 - market open, downloading
RUN Wed Jul 22 17:03:37 UTC 2026 - download complete
RUN Wed Jul 22 17:32:21 UTC 2026 - market open, downloading
RUN Wed Jul 22 17:33:42 UTC 2026 - download complete
RUN Wed Jul 22 18:02:08 UTC 2026 - market open, downloading
RUN Wed Jul 22 18:03:28 UTC 2026 - download complete
RUN Wed Jul 22 18:31:56 UTC 2026 - market open, downloading
RUN Wed Jul 22 18:33:33 UTC 2026 - download complete
RUN Wed Jul 22 19:02:10 UTC 2026 - market open, downloading
RUN Wed Jul 22 19:03:35 UTC 2026 - download complete
RUN Wed Jul 22 19:32:18 UTC 2026 - market open, downloading
RUN Wed Jul 22 19:33:50 UTC 2026 - download complete
SKIP Wed Jul 22 20:00:47 UTC 2026 - market closed
SKIP Wed Jul 22 20:30:46 UTC 2026 - market closed
SKIP Wed Jul 22 21:05:43 UTC 2026 - market closed
SKIP Wed Jul 22 21:30:54 UTC 2026 - market closed
SKIP Thu Jul 23 08:11:55 UTC 2026 - market closed
SKIP Thu Jul 23 08:12:48 UTC 2026 - market closed
SKIP Thu Jul 23 08:13:46 UTC 2026 - market closed
SKIP Thu Jul 23 09:04:32 UTC 2026 - market closed
SKIP Thu Jul 23 13:00:49 UTC 2026 - market closed
SKIP Thu Jul 23 13:10:46 UTC 2026 - market closed
SKIP Thu Jul 23 13:20:49 UTC 2026 - market closed
RUN Thu Jul 23 13:42:15 UTC 2026 - market open, downloading
RUN Thu Jul 23 13:43:46 UTC 2026 - download complete
RUN Thu Jul 23 14:01:15 UTC 2026 - market open, downloading
RUN Thu Jul 23 14:02:48 UTC 2026 - download complete
RUN Thu Jul 23 14:31:02 UTC 2026 - market open, downloading
RUN Thu Jul 23 14:32:25 UTC 2026 - download complete
RUN Thu Jul 23 14:45:01 UTC 2026 - market open, downloading
RUN Thu Jul 23 14:46:29 UTC 2026 - download complete
RUN Thu Jul 23 14:55:27 UTC 2026 - market open, downloading
RUN Thu Jul 23 14:56:40 UTC 2026 - download complete
RUN Thu Jul 23 15:01:11 UTC 2026 - market open, downloading
RUN Thu Jul 23 15:02:26 UTC 2026 - download complete
RUN Thu Jul 23 15:12:42 UTC 2026 - market open, downloading
RUN Thu Jul 23 15:13:59 UTC 2026 - download complete
RUN Thu Jul 23 15:21:09 UTC 2026 - market open, downloading
RUN Thu Jul 23 15:22:21 UTC 2026 - download complete
RUN Thu Jul 23 15:31:15 UTC 2026 - market open, downloading
RUN Thu Jul 23 15:32:43 UTC 2026 - download complete
RUN Thu Jul 23 15:42:40 UTC 2026 - market open, downloading
RUN Thu Jul 23 15:44:17 UTC 2026 - download complete
RUN Thu Jul 23 15:51:13 UTC 2026 - market open, downloading
RUN Thu Jul 23 15:52:26 UTC 2026 - download complete
RUN Thu Jul 23 16:02:19 UTC 2026 - market open, downloading
RUN Thu Jul 23 16:03:51 UTC 2026 - download complete
RUN Thu Jul 23 16:11:27 UTC 2026 - market open, downloading
RUN Thu Jul 23 16:13:07 UTC 2026 - download complete
RUN Thu Jul 23 16:21:12 UTC 2026 - market open, downloading
RUN Thu Jul 23 16:22:25 UTC 2026 - download complete
RUN Thu Jul 23 16:31:46 UTC 2026 - market open, downloading
RUN Thu Jul 23 16:33:00 UTC 2026 - download complete
RUN Thu Jul 23 16:41:18 UTC 2026 - market open, downloading
RUN Thu Jul 23 16:42:31 UTC 2026 - download complete
RUN Thu Jul 23 16:51:08 UTC 2026 - market open, downloading
RUN Thu Jul 23 16:52:20 UTC 2026 - download complete
RUN Thu Jul 23 17:03:20 UTC 2026 - market open, downloading
RUN Thu Jul 23 17:04:40 UTC 2026 - download complete
RUN Thu Jul 23 17:11:12 UTC 2026 - market open, downloading
RUN Thu Jul 23 17:12:24 UTC 2026 - download complete
RUN Thu Jul 23 17:21:04 UTC 2026 - market open, downloading
RUN Thu Jul 23 17:22:21 UTC 2026 - download complete
RUN Thu Jul 23 17:31:18 UTC 2026 - market open, downloading
RUN Thu Jul 23 17:32:44 UTC 2026 - download complete
RUN Thu Jul 23 17:41:13 UTC 2026 - market open, downloading
RUN Thu Jul 23 17:42:42 UTC 2026 - download complete
RUN Thu Jul 23 17:51:04 UTC 2026 - market open, downloading
RUN Thu Jul 23 17:52:18 UTC 2026 - download complete
RUN Thu Jul 23 18:01:17 UTC 2026 - market open, downloading
RUN Thu Jul 23 18:02:47 UTC 2026 - download complete
RUN Thu Jul 23 18:11:02 UTC 2026 - market open, downloading
RUN Thu Jul 23 18:12:20 UTC 2026 - download complete
RUN Thu Jul 23 18:21:06 UTC 2026 - market open, downloading
RUN Thu Jul 23 18:22:17 UTC 2026 - download complete
RUN Thu Jul 23 18:31:28 UTC 2026 - market open, downloading
RUN Thu Jul 23 18:33:01 UTC 2026 - download complete
RUN Thu Jul 23 18:41:14 UTC 2026 - market open, downloading
RUN Thu Jul 23 18:42:30 UTC 2026 - download complete
RUN Thu Jul 23 18:51:10 UTC 2026 - market open, downloading
RUN Thu Jul 23 18:52:47 UTC 2026 - download complete
RUN Thu Jul 23 19:01:04 UTC 2026 - market open, downloading
RUN Thu Jul 23 19:02:17 UTC 2026 - download complete
RUN Thu Jul 23 19:11:02 UTC 2026 - market open, downloading
RUN Thu Jul 23 19:12:17 UTC 2026 - download complete
RUN Thu Jul 23 19:21:14 UTC 2026 - market open, downloading
RUN Thu Jul 23 19:22:27 UTC 2026 - download complete
RUN Thu Jul 23 19:31:10 UTC 2026 - market open, downloading
RUN Thu Jul 23 19:32:23 UTC 2026 - download complete
RUN Thu Jul 23 19:41:04 UTC 2026 - market open, downloading
RUN Thu Jul 23 19:42:17 UTC 2026 - download complete
RUN Thu Jul 23 19:51:01 UTC 2026 - market open, downloading
RUN Thu Jul 23 19:52:14 UTC 2026 - download complete
SKIP Thu Jul 23 20:00:51 UTC 2026 - market closed
SKIP Thu Jul 23 20:10:45 UTC 2026 - market closed
SKIP Thu Jul 23 20:20:45 UTC 2026 - market closed
SKIP Thu Jul 23 20:31:21 UTC 2026 - market closed
SKIP Thu Jul 23 20:40:50 UTC 2026 - market closed
SKIP Thu Jul 23 20:50:42 UTC 2026 - market closed
SKIP Thu Jul 23 21:00:50 UTC 2026 - market closed
SKIP Thu Jul 23 21:10:41 UTC 2026 - market closed
SKIP Thu Jul 23 21:20:46 UTC 2026 - market closed
SKIP Thu Jul 23 21:30:43 UTC 2026 - market closed
SKIP Thu Jul 23 21:41:13 UTC 2026 - market closed
SKIP Thu Jul 23 21:50:50 UTC 2026 - market closed
SKIP Fri Jul 24 13:00:43 UTC 2026 - market closed
SKIP Fri Jul 24 13:10:47 UTC 2026 - market closed
SKIP Fri Jul 24 13:20:44 UTC 2026 - market closed
RUN Fri Jul 24 13:31:28 UTC 2026 - market open, downloading
RUN Fri Jul 24 13:32:51 UTC 2026 - download complete
RUN Fri Jul 24 13:46:25 UTC 2026 - market open, downloading
RUN Fri Jul 24 13:47:35 UTC 2026 - download complete
RUN Fri Jul 24 14:03:08 UTC 2026 - market open, downloading
RUN Fri Jul 24 14:04:39 UTC 2026 - download complete
RUN Fri Jul 24 14:14:58 UTC 2026 - market open, downloading
RUN Fri Jul 24 14:16:04 UTC 2026 - download complete
RUN Fri Jul 24 14:21:07 UTC 2026 - market open, downloading
RUN Fri Jul 24 14:22:17 UTC 2026 - download complete
RUN Fri Jul 24 14:31:04 UTC 2026 - market open, downloading
RUN Fri Jul 24 14:32:15 UTC 2026 - download complete
RUN Fri Jul 24 14:41:11 UTC 2026 - market open, downloading
RUN Fri Jul 24 14:42:29 UTC 2026 - download complete
RUN Fri Jul 24 14:51:14 UTC 2026 - market open, downloading
RUN Fri Jul 24 14:52:21 UTC 2026 - download complete
RUN Fri Jul 24 15:01:04 UTC 2026 - market open, downloading
RUN Fri Jul 24 15:02:14 UTC 2026 - download complete
RUN Fri Jul 24 15:11:07 UTC 2026 - market open, downloading
RUN Fri Jul 24 15:12:18 UTC 2026 - download complete
RUN Fri Jul 24 15:22:15 UTC 2026 - market open, downloading
RUN Fri Jul 24 15:23:27 UTC 2026 - download complete
RUN Fri Jul 24 15:32:32 UTC 2026 - market open, downloading
RUN Fri Jul 24 15:33:51 UTC 2026 - download complete
RUN Fri Jul 24 15:41:09 UTC 2026 - market open, downloading
RUN Fri Jul 24 15:42:38 UTC 2026 - download complete
RUN Fri Jul 24 15:51:09 UTC 2026 - market open, downloading
RUN Fri Jul 24 15:52:35 UTC 2026 - download complete
RUN Fri Jul 24 16:02:20 UTC 2026 - market open, downloading
RUN Fri Jul 24 16:03:46 UTC 2026 - download complete
RUN Fri Jul 24 16:11:54 UTC 2026 - market open, downloading
RUN Fri Jul 24 16:13:11 UTC 2026 - download complete
RUN Fri Jul 24 16:21:20 UTC 2026 - market open, downloading
RUN Fri Jul 24 16:22:32 UTC 2026 - download complete
RUN Fri Jul 24 16:31:16 UTC 2026 - market open, downloading
RUN Fri Jul 24 16:32:24 UTC 2026 - download complete
RUN Fri Jul 24 16:41:16 UTC 2026 - market open, downloading
RUN Fri Jul 24 16:42:23 UTC 2026 - download complete
RUN Fri Jul 24 16:51:25 UTC 2026 - market open, downloading
RUN Fri Jul 24 16:52:37 UTC 2026 - download complete
RUN Fri Jul 24 17:01:16 UTC 2026 - market open, downloading
RUN Fri Jul 24 17:02:34 UTC 2026 - download complete
RUN Fri Jul 24 17:11:11 UTC 2026 - market open, downloading
RUN Fri Jul 24 17:12:41 UTC 2026 - download complete
RUN Fri Jul 24 17:22:30 UTC 2026 - market open, downloading
RUN Fri Jul 24 17:23:57 UTC 2026 - download complete
RUN Fri Jul 24 17:31:11 UTC 2026 - market open, downloading
RUN Fri Jul 24 17:32:23 UTC 2026 - download complete
RUN Fri Jul 24 17:41:05 UTC 2026 - market open, downloading
RUN Fri Jul 24 17:42:35 UTC 2026 - download complete
RUN Fri Jul 24 17:51:04 UTC 2026 - market open, downloading
RUN Fri Jul 24 17:52:15 UTC 2026 - download complete
RUN Fri Jul 24 18:01:07 UTC 2026 - market open, downloading
RUN Fri Jul 24 18:02:36 UTC 2026 - download complete
RUN Fri Jul 24 18:11:10 UTC 2026 - market open, downloading
RUN Fri Jul 24 18:12:18 UTC 2026 - download complete
RUN Fri Jul 24 18:21:09 UTC 2026 - market open, downloading
RUN Fri Jul 24 18:22:39 UTC 2026 - download complete
RUN Fri Jul 24 18:31:17 UTC 2026 - market open, downloading
RUN Fri Jul 24 18:32:34 UTC 2026 - download complete
RUN Fri Jul 24 18:41:21 UTC 2026 - market open, downloading
RUN Fri Jul 24 18:42:36 UTC 2026 - download complete
RUN Fri Jul 24 18:51:08 UTC 2026 - market open, downloading
RUN Fri Jul 24 18:52:18 UTC 2026 - download complete
RUN Fri Jul 24 19:01:04 UTC 2026 - market open, downloading
RUN Fri Jul 24 19:02:13 UTC 2026 - download complete
RUN Fri Jul 24 19:11:29 UTC 2026 - market open, downloading
RUN Fri Jul 24 19:12:48 UTC 2026 - download complete
RUN Fri Jul 24 19:21:14 UTC 2026 - market open, downloading
RUN Fri Jul 24 19:22:42 UTC 2026 - download complete
RUN Fri Jul 24 19:31:07 UTC 2026 - market open, downloading
RUN Fri Jul 24 19:32:18 UTC 2026 - download complete
RUN Fri Jul 24 19:41:06 UTC 2026 - market open, downloading
RUN Fri Jul 24 19:42:16 UTC 2026 - download complete
RUN Fri Jul 24 19:51:16 UTC 2026 - market open, downloading
RUN Fri Jul 24 19:52:44 UTC 2026 - download complete
SKIP Fri Jul 24 20:00:42 UTC 2026 - market closed
SKIP Fri Jul 24 20:10:49 UTC 2026 - market closed
SKIP Fri Jul 24 20:20:48 UTC 2026 - market closed
SKIP Fri Jul 24 20:30:46 UTC 2026 - market closed
SKIP Fri Jul 24 20:40:46 UTC 2026 - market closed
SKIP Fri Jul 24 20:50:45 UTC 2026 - market closed
SKIP Fri Jul 24 21:00:42 UTC 2026 - market closed
SKIP Fri Jul 24 21:10:42 UTC 2026 - market closed
SKIP Fri Jul 24 21:20:42 UTC 2026 - market closed
SKIP Fri Jul 24 21:30:48 UTC 2026 - market closed
SKIP Fri Jul 24 21:40:40 UTC 2026 - market closed
SKIP Fri Jul 24 21:50:44 UTC 2026 - market closed
SKIP Mon Jul 27 13:00:45 UTC 2026 - market closed
SKIP Mon Jul 27 13:10:48 UTC 2026 - market closed
SKIP Mon Jul 27 13:20:45 UTC 2026 - market closed
RUN Mon Jul 27 13:41:59 UTC 2026 - market open, downloading
RUN Mon Jul 27 13:43:11 UTC 2026 - download complete
RUN Mon Jul 27 14:05:25 UTC 2026 - market open, downloading
RUN Mon Jul 27 14:06:41 UTC 2026 - download complete
RUN Mon Jul 27 14:13:46 UTC 2026 - market open, downloading
RUN Mon Jul 27 14:14:57 UTC 2026 - download complete
RUN Mon Jul 27 14:22:20 UTC 2026 - market open, downloading
RUN Mon Jul 27 14:23:46 UTC 2026 - download complete
RUN Mon Jul 27 14:31:01 UTC 2026 - market open, downloading
RUN Mon Jul 27 14:32:12 UTC 2026 - download complete
RUN Mon Jul 27 14:41:17 UTC 2026 - market open, downloading
RUN Mon Jul 27 14:42:33 UTC 2026 - download complete
RUN Mon Jul 27 14:52:37 UTC 2026 - market open, downloading
RUN Mon Jul 27 14:53:50 UTC 2026 - download complete
RUN Mon Jul 27 15:01:04 UTC 2026 - market open, downloading
RUN Mon Jul 27 15:02:20 UTC 2026 - download complete
RUN Mon Jul 27 15:11:04 UTC 2026 - market open, downloading
RUN Mon Jul 27 15:12:18 UTC 2026 - download complete
RUN Mon Jul 27 15:21:29 UTC 2026 - market open, downloading
RUN Mon Jul 27 15:22:45 UTC 2026 - download complete
RUN Mon Jul 27 15:31:13 UTC 2026 - market open, downloading
RUN Mon Jul 27 15:32:40 UTC 2026 - download complete
RUN Mon Jul 27 15:41:04 UTC 2026 - market open, downloading
RUN Mon Jul 27 15:42:23 UTC 2026 - download complete
RUN Mon Jul 27 15:51:05 UTC 2026 - market open, downloading
RUN Mon Jul 27 15:52:15 UTC 2026 - download complete
RUN Mon Jul 27 16:01:14 UTC 2026 - market open, downloading
RUN Mon Jul 27 16:02:26 UTC 2026 - download complete
RUN Mon Jul 27 16:12:08 UTC 2026 - market open, downloading
RUN Mon Jul 27 16:13:18 UTC 2026 - download complete
RUN Mon Jul 27 16:22:17 UTC 2026 - market open, downloading
RUN Mon Jul 27 16:23:23 UTC 2026 - download complete
RUN Mon Jul 27 16:31:10 UTC 2026 - market open, downloading
RUN Mon Jul 27 16:32:27 UTC 2026 - download complete
RUN Mon Jul 27 16:41:24 UTC 2026 - market open, downloading
RUN Mon Jul 27 16:42:34 UTC 2026 - download complete
RUN Mon Jul 27 16:51:12 UTC 2026 - market open, downloading
RUN Mon Jul 27 16:52:23 UTC 2026 - download complete
RUN Mon Jul 27 17:01:15 UTC 2026 - market open, downloading
RUN Mon Jul 27 17:02:27 UTC 2026 - download complete
RUN Mon Jul 27 17:12:32 UTC 2026 - market open, downloading
RUN Mon Jul 27 17:13:55 UTC 2026 - download complete
RUN Mon Jul 27 17:21:11 UTC 2026 - market open, downloading
RUN Mon Jul 27 17:22:21 UTC 2026 - download complete
RUN Mon Jul 27 17:31:11 UTC 2026 - market open, downloading
RUN Mon Jul 27 17:32:24 UTC 2026 - download complete
RUN Mon Jul 27 17:41:16 UTC 2026 - market open, downloading
RUN Mon Jul 27 17:42:37 UTC 2026 - download complete
RUN Mon Jul 27 17:51:25 UTC 2026 - market open, downloading
RUN Mon Jul 27 17:52:41 UTC 2026 - download complete
RUN Mon Jul 27 18:01:16 UTC 2026 - market open, downloading
RUN Mon Jul 27 18:02:25 UTC 2026 - download complete
RUN Mon Jul 27 18:11:10 UTC 2026 - market open, downloading
RUN Mon Jul 27 18:12:15 UTC 2026 - download complete
RUN Mon Jul 27 18:21:26 UTC 2026 - market open, downloading
RUN Mon Jul 27 18:22:35 UTC 2026 - download complete
RUN Mon Jul 27 18:31:17 UTC 2026 - market open, downloading
RUN Mon Jul 27 18:32:27 UTC 2026 - download complete
RUN Mon Jul 27 18:41:12 UTC 2026 - market open, downloading
RUN Mon Jul 27 18:42:18 UTC 2026 - download complete
RUN Mon Jul 27 18:51:32 UTC 2026 - market open, downloading
RUN Mon Jul 27 18:52:53 UTC 2026 - download complete
RUN Mon Jul 27 19:01:07 UTC 2026 - market open, downloading
RUN Mon Jul 27 19:02:22 UTC 2026 - download complete
RUN Mon Jul 27 19:11:03 UTC 2026 - market open, downloading
RUN Mon Jul 27 19:12:12 UTC 2026 - download complete
RUN Mon Jul 27 19:21:19 UTC 2026 - market open, downloading
RUN Mon Jul 27 19:22:36 UTC 2026 - download complete
RUN Mon Jul 27 19:31:05 UTC 2026 - market open, downloading
RUN Mon Jul 27 19:32:14 UTC 2026 - download complete
RUN Mon Jul 27 19:41:04 UTC 2026 - market open, downloading
RUN Mon Jul 27 19:42:15 UTC 2026 - download complete
RUN Mon Jul 27 19:51:23 UTC 2026 - market open, downloading
RUN Mon Jul 27 19:52:41 UTC 2026 - download complete
SKIP Mon Jul 27 20:00:48 UTC 2026 - market closed
SKIP Mon Jul 27 20:10:58 UTC 2026 - market closed
SKIP Mon Jul 27 20:20:40 UTC 2026 - market closed
SKIP Mon Jul 27 20:30:50 UTC 2026 - market closed
SKIP Mon Jul 27 20:40:50 UTC 2026 - market closed
SKIP Mon Jul 27 20:50:47 UTC 2026 - market closed
SKIP Mon Jul 27 21:00:45 UTC 2026 - market closed
SKIP Mon Jul 27 21:10:54 UTC 2026 - market closed
SKIP Mon Jul 27 21:20:45 UTC 2026 - market closed
SKIP Mon Jul 27 21:30:48 UTC 2026 - market closed
SKIP Mon Jul 27 21:40:47 UTC 2026 - market closed
SKIP Mon Jul 27 21:50:42 UTC 2026 - market closed
SKIP Tue Jul 28 13:00:44 UTC 2026 - market closed
SKIP Tue Jul 28 13:10:52 UTC 2026 - market closed
SKIP Tue Jul 28 13:20:52 UTC 2026 - market closed
RUN Tue Jul 28 13:31:17 UTC 2026 - market open, downloading
RUN Tue Jul 28 13:32:42 UTC 2026 - download complete
RUN Tue Jul 28 13:44:54 UTC 2026 - market open, downloading
RUN Tue Jul 28 13:46:12 UTC 2026 - download complete
RUN Tue Jul 28 13:56:03 UTC 2026 - market open, downloading
RUN Tue Jul 28 13:57:20 UTC 2026 - download complete
RUN Tue Jul 28 14:01:26 UTC 2026 - market open, downloading
RUN Tue Jul 28 14:02:47 UTC 2026 - download complete
RUN Tue Jul 28 14:11:25 UTC 2026 - market open, downloading
RUN Tue Jul 28 14:12:41 UTC 2026 - download complete
RUN Tue Jul 28 14:22:32 UTC 2026 - market open, downloading
RUN Tue Jul 28 14:23:43 UTC 2026 - download complete
RUN Tue Jul 28 14:31:18 UTC 2026 - market open, downloading
RUN Tue Jul 28 14:32:29 UTC 2026 - download complete
RUN Tue Jul 28 14:41:11 UTC 2026 - market open, downloading
RUN Tue Jul 28 14:42:26 UTC 2026 - download complete
RUN Tue Jul 28 14:51:10 UTC 2026 - market open, downloading
RUN Tue Jul 28 14:52:28 UTC 2026 - download complete
RUN Tue Jul 28 15:02:39 UTC 2026 - market open, downloading
RUN Tue Jul 28 15:04:02 UTC 2026 - download complete
RUN Tue Jul 28 15:11:14 UTC 2026 - market open, downloading
RUN Tue Jul 28 15:12:25 UTC 2026 - download complete
RUN Tue Jul 28 15:21:10 UTC 2026 - market open, downloading
RUN Tue Jul 28 15:22:23 UTC 2026 - download complete
RUN Tue Jul 28 15:32:39 UTC 2026 - market open, downloading
RUN Tue Jul 28 15:33:49 UTC 2026 - download complete
RUN Tue Jul 28 15:41:31 UTC 2026 - market open, downloading
RUN Tue Jul 28 15:43:00 UTC 2026 - download complete
RUN Tue Jul 28 15:51:14 UTC 2026 - market open, downloading
RUN Tue Jul 28 15:52:26 UTC 2026 - download complete
RUN Tue Jul 28 16:01:08 UTC 2026 - market open, downloading
RUN Tue Jul 28 16:02:18 UTC 2026 - download complete
RUN Tue Jul 28 16:11:36 UTC 2026 - market open, downloading
RUN Tue Jul 28 16:13:01 UTC 2026 - download complete
RUN Tue Jul 28 16:21:18 UTC 2026 - market open, downloading
RUN Tue Jul 28 16:22:34 UTC 2026 - download complete
RUN Tue Jul 28 16:31:14 UTC 2026 - market open, downloading
RUN Tue Jul 28 16:32:25 UTC 2026 - download complete
RUN Tue Jul 28 16:41:37 UTC 2026 - market open, downloading
RUN Tue Jul 28 16:43:07 UTC 2026 - download complete
RUN Tue Jul 28 16:51:19 UTC 2026 - market open, downloading
RUN Tue Jul 28 16:52:34 UTC 2026 - download complete
RUN Tue Jul 28 17:02:42 UTC 2026 - market open, downloading
RUN Tue Jul 28 17:03:49 UTC 2026 - download complete
RUN Tue Jul 28 17:11:17 UTC 2026 - market open, downloading
RUN Tue Jul 28 17:12:30 UTC 2026 - download complete
RUN Tue Jul 28 17:21:48 UTC 2026 - market open, downloading
RUN Tue Jul 28 17:23:21 UTC 2026 - download complete
RUN Tue Jul 28 17:31:29 UTC 2026 - market open, downloading
RUN Tue Jul 28 17:32:39 UTC 2026 - download complete
RUN Tue Jul 28 17:41:26 UTC 2026 - market open, downloading
RUN Tue Jul 28 17:42:36 UTC 2026 - download complete
RUN Tue Jul 28 17:51:14 UTC 2026 - market open, downloading
RUN Tue Jul 28 17:52:25 UTC 2026 - download complete
RUN Tue Jul 28 18:01:27 UTC 2026 - market open, downloading
RUN Tue Jul 28 18:02:38 UTC 2026 - download complete
RUN Tue Jul 28 18:11:13 UTC 2026 - market open, downloading
RUN Tue Jul 28 18:12:28 UTC 2026 - download complete
RUN Tue Jul 28 18:23:33 UTC 2026 - market open, downloading
RUN Tue Jul 28 18:24:45 UTC 2026 - download complete
RUN Tue Jul 28 18:31:06 UTC 2026 - market open, downloading
RUN Tue Jul 28 18:32:19 UTC 2026 - download complete
RUN Tue Jul 28 18:41:20 UTC 2026 - market open, downloading
RUN Tue Jul 28 18:42:27 UTC 2026 - download complete
RUN Tue Jul 28 18:51:32 UTC 2026 - market open, downloading
RUN Tue Jul 28 18:52:43 UTC 2026 - download complete
RUN Tue Jul 28 19:01:51 UTC 2026 - market open, downloading
RUN Tue Jul 28 19:03:12 UTC 2026 - download complete
RUN Tue Jul 28 19:11:17 UTC 2026 - market open, downloading
RUN Tue Jul 28 19:12:24 UTC 2026 - download complete
RUN Tue Jul 28 19:21:32 UTC 2026 - market open, downloading
RUN Tue Jul 28 19:22:47 UTC 2026 - download complete
RUN Tue Jul 28 19:31:15 UTC 2026 - market open, downloading
RUN Tue Jul 28 19:32:26 UTC 2026 - download complete
RUN Tue Jul 28 19:41:37 UTC 2026 - market open, downloading
RUN Tue Jul 28 19:43:07 UTC 2026 - download complete
RUN Tue Jul 28 19:51:17 UTC 2026 - market open, downloading
RUN Tue Jul 28 19:52:27 UTC 2026 - download complete
SKIP Tue Jul 28 20:00:51 UTC 2026 - market closed
SKIP Tue Jul 28 20:10:55 UTC 2026 - market closed
SKIP Tue Jul 28 20:20:46 UTC 2026 - market closed
SKIP Tue Jul 28 20:30:42 UTC 2026 - market closed
SKIP Tue Jul 28 20:41:05 UTC 2026 - market closed
SKIP Tue Jul 28 20:50:49 UTC 2026 - market closed
SKIP Tue Jul 28 21:00:42 UTC 2026 - market closed
SKIP Tue Jul 28 21:10:56 UTC 2026 - market closed
SKIP Tue Jul 28 21:20:48 UTC 2026 - market closed
SKIP Tue Jul 28 21:30:51 UTC 2026 - market closed
SKIP Tue Jul 28 21:40:56 UTC 2026 - market closed
SKIP Tue Jul 28 21:50:47 UTC 2026 - market closed
SKIP Wed Jul 29 13:00:48 UTC 2026 - market closed
SKIP Wed Jul 29 13:10:44 UTC 2026 - market closed
SKIP Wed Jul 29 13:20:53 UTC 2026 - market closed
RUN Wed Jul 29 13:31:28 UTC 2026 - market open, downloading
RUN Wed Jul 29 13:32:53 UTC 2026 - download complete
RUN Wed Jul 29 13:45:51 UTC 2026 - market open, downloading
RUN Wed Jul 29 13:47:04 UTC 2026 - download complete
RUN Wed Jul 29 13:51:17 UTC 2026 - market open, downloading
RUN Wed Jul 29 13:52:28 UTC 2026 - download complete
RUN Wed Jul 29 14:01:16 UTC 2026 - market open, downloading
RUN Wed Jul 29 14:02:33 UTC 2026 - download complete
RUN Wed Jul 29 14:12:18 UTC 2026 - market open, downloading
RUN Wed Jul 29 14:13:36 UTC 2026 - download complete
RUN Wed Jul 29 14:21:16 UTC 2026 - market open, downloading
RUN Wed Jul 29 14:22:28 UTC 2026 - download complete
RUN Wed Jul 29 14:31:14 UTC 2026 - market open, downloading
RUN Wed Jul 29 14:32:24 UTC 2026 - download complete
RUN Wed Jul 29 14:44:59 UTC 2026 - market open, downloading
RUN Wed Jul 29 14:46:22 UTC 2026 - download complete
RUN Wed Jul 29 14:51:11 UTC 2026 - market open, downloading
RUN Wed Jul 29 14:52:27 UTC 2026 - download complete
RUN Wed Jul 29 15:01:09 UTC 2026 - market open, downloading
RUN Wed Jul 29 15:02:18 UTC 2026 - download complete
RUN Wed Jul 29 15:11:16 UTC 2026 - market open, downloading
RUN Wed Jul 29 15:13:13 UTC 2026 - download complete
RUN Wed Jul 29 15:21:19 UTC 2026 - market open, downloading
RUN Wed Jul 29 15:22:37 UTC 2026 - download complete
RUN Wed Jul 29 15:32:23 UTC 2026 - market open, downloading
RUN Wed Jul 29 15:33:30 UTC 2026 - download complete
RUN Wed Jul 29 15:42:18 UTC 2026 - market open, downloading
RUN Wed Jul 29 15:43:34 UTC 2026 - download complete
RUN Wed Jul 29 15:51:26 UTC 2026 - market open, downloading
RUN Wed Jul 29 15:52:36 UTC 2026 - download complete
RUN Wed Jul 29 16:01:31 UTC 2026 - market open, downloading
RUN Wed Jul 29 16:02:47 UTC 2026 - download complete
RUN Wed Jul 29 16:11:27 UTC 2026 - market open, downloading
RUN Wed Jul 29 16:12:44 UTC 2026 - download complete
RUN Wed Jul 29 16:22:05 UTC 2026 - market open, downloading
RUN Wed Jul 29 16:23:27 UTC 2026 - download complete
RUN Wed Jul 29 16:31:17 UTC 2026 - market open, downloading
RUN Wed Jul 29 16:32:32 UTC 2026 - download complete
RUN Wed Jul 29 16:41:20 UTC 2026 - market open, downloading
RUN Wed Jul 29 16:42:50 UTC 2026 - download complete
RUN Wed Jul 29 16:51:25 UTC 2026 - market open, downloading
RUN Wed Jul 29 16:52:49 UTC 2026 - download complete
RUN Wed Jul 29 17:01:15 UTC 2026 - market open, downloading
RUN Wed Jul 29 17:02:25 UTC 2026 - download complete
RUN Wed Jul 29 17:11:21 UTC 2026 - market open, downloading
RUN Wed Jul 29 17:12:47 UTC 2026 - download complete
RUN Wed Jul 29 17:21:34 UTC 2026 - market open, downloading
RUN Wed Jul 29 17:23:07 UTC 2026 - download complete
RUN Wed Jul 29 17:32:09 UTC 2026 - market open, downloading
RUN Wed Jul 29 17:33:33 UTC 2026 - download complete
RUN Wed Jul 29 17:41:23 UTC 2026 - market open, downloading
RUN Wed Jul 29 17:42:34 UTC 2026 - download complete
RUN Wed Jul 29 17:51:26 UTC 2026 - market open, downloading
RUN Wed Jul 29 17:52:46 UTC 2026 - download complete
